one
six
ten
two
five
four
nine
eight
seven
three
