i 
seek
out 
odds
yet 
these 
all 
are 
evens 
