a
man
is
at
odds
to
know
his
mind,
because
his
mind
is
all
he
has
to
know
it
with
