not
not
separate
syncopated
whole
wholly
but
